// Jest Snapshot v1, https://goo.gl/fbAQLP

exports[`renders correctly 1`] = `
<div>
  <p
    class="text-warning"
  >
    Oooops! A S.H.I.E.L.D não localizou nenhum herói com este nome em nosso banco de dados :(
     
  </p>
</div>
`;
